https://raw.githubusercontent.com/UCL-RITS/pi_examples/master/algol68_pi_dir/pi.a68
https://raw.githubusercontent.com/UCL-RITS/pi_examples/master/ada_pi_dir/pi.adb
https://raw.githubusercontent.com/BaseMax/pi/master/MonteCarlo.c
https://raw.githubusercontent.com/UCL-RITS/pi_examples/master/cobol_pi_dir/cobol_pi.cbl
https://raw.githubusercontent.com/UCL-RITS/pi_examples/master/chapel_pi_dir/nsccap_pi.chpl
https://raw.githubusercontent.com/UCL-RITS/pi_examples/master/clisp_func_pi_dir/pi.cl
https://raw.githubusercontent.com/UCL-RITS/pi_examples/master/clojure_pi_dir/pi.clj
https://raw.githubusercontent.com/UCL-RITS/pi_examples/master/cpp_omp_pi_dir/calculate_pi.cpp
https://raw.githubusercontent.com/UCL-RITS/pi_examples/master/c%23_pi_dir/pi.cs
https://raw.githubusercontent.com/UCL-RITS/pi_examples/master/cuda_pi_dir/calculate_pi.cu
https://raw.githubusercontent.com/UCL-RITS/pi_examples/master/cudafortran_pi_dir/pi.cuf
https://raw.githubusercontent.com/UCL-RITS/pi_examples/master/d_pi_dir/pi.d
https://raw.githubusercontent.com/UCL-RITS/pi_examples/master/elisp_func_pi_dir/elisp-pi.el
https://raw.githubusercontent.com/UCL-RITS/pi_examples/master/c%2Bf90_mix_openmp_dir/pi.f90
https://raw.githubusercontent.com/UCL-RITS/pi_examples/master/f%23_pi_dir/pi.fs
https://raw.githubusercontent.com/UCL-RITS/pi_examples/master/go_goroutines_pi_dir/pi.go
https://raw.githubusercontent.com/UCL-RITS/pi_examples/master/groovy_pi_dir/pi.groovy
https://raw.githubusercontent.com/UCL-RITS/pi_examples/master/haskell_pi_dir/pi.hs
https://raw.githubusercontent.com/UCL-RITS/pi_examples/master/hy_functional_pi_dir/pi.hy
https://raw.githubusercontent.com/yanghaogn/TopCoder/master/TopCoder/src/cn/yanghao/topCoder/SRMS15/Archimedes.java
https://raw.githubusercontent.com/UCL-RITS/pi_examples/master/julia_func_pi_dir/pi.jl
https://raw.githubusercontent.com/UCL-RITS/pi_examples/master/javascript_pi_dir/pi.js
https://raw.githubusercontent.com/UCL-RITS/pi_examples/master/logo_pi_dir/pi.logo
https://raw.githubusercontent.com/UCL-RITS/pi_examples/master/lua_pi_dir/pi.lua
https://raw.githubusercontent.com/UCL-RITS/pi_examples/master/matlab_pi_dir/calcpi.m
https://raw.githubusercontent.com/UCL-RITS/pi_examples/master/maxima_pi_dir/pi.mac
https://raw.githubusercontent.com/UCL-RITS/pi_examples/master/ocaml_pi_dir/ocaml_pi.ml
https://raw.githubusercontent.com/UCL-RITS/pi_examples/master/nim_pi_dir/calculate_pi.nim
https://raw.githubusercontent.com/UCL-RITS/pi_examples/master/occam_pi_dir/pi.occ
https://raw.githubusercontent.com/UCL-RITS/pi_examples/master/raku_pi_dir/pi.p6
https://raw.githubusercontent.com/UCL-RITS/pi_examples/master/pascal_pi_dir/pi.pas
https://raw.githubusercontent.com/UCL-RITS/pi_examples/master/php_pi_dir/pi.php
https://raw.githubusercontent.com/UCL-RITS/pi_examples/master/prolog_pi_dir/pi.pl
https://raw.githubusercontent.com/UCL-RITS/pi_examples/master/gdl_pi_dir/calcpi.pro
https://raw.githubusercontent.com/UCL-RITS/pi_examples/master/powershell_pi_dir/pi.ps1
https://raw.githubusercontent.com/xoancosmed/Calculate-Pi/master/Polygons/Polygons.py
https://raw.githubusercontent.com/UCL-RITS/pi_examples/master/cython_function_pi_dir/cython_pi.pyx
https://raw.githubusercontent.com/UCL-RITS/pi_examples/master/r_pi_dir/pi.r
https://raw.githubusercontent.com/UCL-RITS/pi_examples/master/ruby_pi_dir/pi.rb
https://raw.githubusercontent.com/UCL-RITS/pi_examples/master/rexx_pi_dir/pi.rexx
https://raw.githubusercontent.com/UCL-RITS/pi_examples/master/racket_func_pi_dir/pi.rkt
https://raw.githubusercontent.com/UCL-RITS/pi_examples/master/rust_pi_dir/pi.rs
https://raw.githubusercontent.com/UCL-RITS/pi_examples/master/scala_pi_dir/pi.scala
https://raw.githubusercontent.com/UCL-RITS/pi_examples/master/chicken_pi_dir/pi.scm
https://raw.githubusercontent.com/UCL-RITS/pi_examples/master/bash_dist_pi_dir/run.sh
https://raw.githubusercontent.com/UCL-RITS/pi_examples/master/gambit_pi_dir/pi.six
https://raw.githubusercontent.com/UCL-RITS/pi_examples/master/smalltalk_pi_dir/pi.st
https://raw.githubusercontent.com/UCL-RITS/pi_examples/master/swift_func_pi_dir/pi.swift
https://raw.githubusercontent.com/UCL-RITS/pi_examples/master/vb_pi_dir/pi.vb
https://raw.githubusercontent.com/UCL-RITS/pi_examples/master/wolfram_pi_dir/pi.wl
https://raw.githubusercontent.com/UCL-RITS/pi_examples/master/perl_pi_dir/perl_pi
https://raw.githubusercontent.com/UCL-RITS/pi_examples/master/tcl_pi_dir/tcl_pi
https://raw.githubusercontent.com/UCL-RITS/pi_examples/master/vimscript_pi_dir/pi.vimscript
